******************************************************************************
                  TI ARM Linker PC v20.2.2                     
******************************************************************************
>> Linked Wed Mar  3 09:03:17 2021

OUTPUT FILE NAME:   <EGR226_Lab6_Part2.out>
ENTRY POINT SYMBOL: "_c_int00_noargs"  address: 00002f79


MEMORY CONFIGURATION

         name            origin    length      used     unused   attr    fill
----------------------  --------  ---------  --------  --------  ----  --------
  MAIN                  00000000   00040000  00003375  0003cc8b  R  X
  INFO                  00200000   00004000  00000000  00004000  R  X
  SRAM_CODE             01000000   00010000  000009b6  0000f64a  RW X
  SRAM_DATA             20000000   00010000  000009b6  0000f64a  RW  


SEGMENT ALLOCATION MAP

run origin  load origin   length   init length attrs members
----------  ----------- ---------- ----------- ----- -------
00000000    00000000    00003378   00003378    r-x
  00000000    00000000    000000e4   000000e4    r-- .intvecs
  000000e4    000000e4    00003100   00003100    r-x .text
  000031e4    000031e4    00000101   00000101    r-- .const
  000032e8    000032e8    00000090   00000090    r-- .cinit
20000000    20000000    000007b6   00000000    rw-
  20000000    20000000    00000400   00000000    rw- .sysmem
  20000400    20000400    000001ec   00000000    rw- .data
  200005ec    200005ec    000001ca   00000000    rw- .bss
2000fe00    2000fe00    00000200   00000000    rw-
  2000fe00    2000fe00    00000200   00000000    rw- .stack


SECTION ALLOCATION MAP

 output                                  attributes/
section   page    origin      length       input sections
--------  ----  ----------  ----------   ----------------
.intvecs   0    00000000    000000e4     
                  00000000    000000e4     startup_msp432p401r_ccs.obj (.intvecs:retain)

.text      0    000000e4    00003100     
                  000000e4    00000a4e     rtsv7M4_T_le_v4SPD16_eabi.lib : _printfi.c.obj (.text:__TI_printfi)
                  00000b32    00000002                                   : _lock.c.obj (.text:_nop)
                  00000b34    000003cc     main.obj (.text)
                  00000f00    00000334     system_msp432p401r.obj (.text)
                  00001234    00000270     rtsv7M4_T_le_v4SPD16_eabi.lib : _printfi.c.obj (.text:_pconv_a)
                  000014a4    000001d0                                   : _printfi.c.obj (.text:_pconv_g)
                  00001674    000001b6                                   : fd_add_t2.asm.obj (.text)
                  0000182a    00000002                                   : div0.asm.obj (.text)
                  0000182c    0000013c                                   : _printfi.c.obj (.text:_pconv_e)
                  00001968    00000136                                   : fd_div_t2.asm.obj (.text)
                  00001a9e    00000002     --HOLE-- [fill = 0]
                  00001aa0    00000124                                   : _printfi.c.obj (.text:fcvt)
                  00001bc4    00000114                                   : fputs.c.obj (.text:fputs)
                  00001cd8    00000110                                   : s_scalbn.c.obj (.text:scalbn)
                  00001de8    00000100                                   : memory.c.obj (.text:aligned_alloc)
                  00001ee8    000000fc                                   : fd_mul_t2.asm.obj (.text)
                  00001fe4    000000e4                                   : memory.c.obj (.text:free)
                  000020c8    000000dc                                   : setvbuf.c.obj (.text:setvbuf)
                  000021a4    000000b1                                   : _printfi.c.obj (.text:_ltostr)
                  00002255    00000001     --HOLE-- [fill = 0]
                  00002256    0000009c                                   : memcpy_t2.asm.obj (.text)
                  000022f2    00000096                                   : ull_div_t2.asm.obj (.text)
                  00002388    0000008c                                   : fputc.c.obj (.text:fputc)
                  00002414    00000086                                   : fd_cmp_t2.asm.obj (.text:__aeabi_cdcmple)
                  0000249a    00000086                                   : fd_cmp_t2.asm.obj (.text:__aeabi_cdrcmple)
                  00002520    0000007a                                   : memset_t2.asm.obj (.text)
                  0000259a    00000002     --HOLE-- [fill = 0]
                  0000259c    00000074                                   : fclose.c.obj (.text:__TI_closefile)
                  00002610    00000070                                   : memory.c.obj (.text:split)
                  00002680    0000006e                                   : _printfi.c.obj (.text:_mcpy)
                  000026ee    00000002     --HOLE-- [fill = 0]
                  000026f0    0000006c                                   : hostrename.c.obj (.text:HOSTrename)
                  0000275c    00000068                                   : hostlseek.c.obj (.text:HOSTlseek)
                  000027c4    00000068                                   : copy_decompress_lzss.c.obj (.text:decompress:lzss:__TI_decompress_lzss)
                  0000282c    00000068                                   : printf.c.obj (.text:printf)
                  00002894    00000064                                   : s_frexp.c.obj (.text:frexp)
                  000028f8    00000064                                   : fseek.c.obj (.text:fseek)
                  0000295c    00000062                                   : _io_perm.c.obj (.text:__TI_wrt_ok)
                  000029be    00000002     --HOLE-- [fill = 0]
                  000029c0    00000060                                   : hostopen.c.obj (.text:HOSTopen)
                  00002a20    0000005c                                   : close.c.obj (.text:close)
                  00002a7c    00000058                                   : hostread.c.obj (.text:HOSTread)
                  00002ad4    00000058                                   : hostwrite.c.obj (.text:HOSTwrite)
                  00002b2c    00000056                                   : _printfi.c.obj (.text:_pconv_f)
                  00002b82    00000054                                   : _ltoa.c.obj (.text:__TI_ltoa)
                  00002bd6    00000052                                   : _printfi.c.obj (.text:_ecpy)
                  00002c28    0000004c                                   : fflush.c.obj (.text:__TI_doflush)
                  00002c74    0000004c                                   : atoi.c.obj (.text:atoi)
                  00002cc0    00000048                                   : exit.c.obj (.text:exit)
                  00002d08    00000048                                   : fd_toi_t2.asm.obj (.text)
                  00002d50    00000044                                   : hostclose.c.obj (.text:HOSTclose)
                  00002d94    00000044                                   : hostunlink.c.obj (.text:HOSTunlink)
                  00002dd8    00000044                                   : autoinit.c.obj (.text:__TI_auto_init_nobinit_nopinit:__TI_auto_init_nobinit_nopinit)
                  00002e1c    00000044                                   : getdevice.c.obj (.text:getdevice)
                  00002e60    0000003e                                   : _printfi.c.obj (.text:_fcpy)
                  00002e9e    00000002     --HOLE-- [fill = 0]
                  00002ea0    00000038                                   : trgmsg.c.obj (.text:__TI_writemsg)
                  00002ed8    00000036                                   : strncpy.c.obj (.text:strncpy)
                  00002f0e    00000002     --HOLE-- [fill = 0]
                  00002f10    00000034                                   : fopen.c.obj (.text:__TI_cleanup)
                  00002f44    00000034                                   : trgmsg.c.obj (.text:__TI_readmsg)
                  00002f78    00000034                                   : boot_cortex_m.c.obj (.text:_c_int00_noargs:_c_int00_noargs)
                  00002fac    00000030                                   : getdevice.c.obj (.text:finddevice)
                  00002fdc    0000002e                                   : i_tofd_t2.asm.obj (.text)
                  0000300a    00000002     --HOLE-- [fill = 0]
                  0000300c    0000002c                                   : unlink.c.obj (.text:unlink)
                  00003038    00000028                                   : memory.c.obj (.text:free_list_insert)
                  00003060    00000028                                   : lseek.c.obj (.text:lseek)
                  00003088    00000028                                   : write.c.obj (.text:write)
                  000030b0    00000020                                   : memchr.c.obj (.text:memchr)
                  000030d0    0000001c                                   : copy_zero_init.c.obj (.text:decompress:ZI:__TI_zero_init_nomemset:__TI_zero_init_nomemset)
                  000030ec    0000001c                                   : memory.c.obj (.text:free_list_remove)
                  00003108    0000001c                                   : memccpy.c.obj (.text:memccpy)
                  00003124    0000001a                                   : s_copysign.c.obj (.text:copysign)
                  0000313e    00000018                                   : strcmp.c.obj (.text:strcmp)
                  00003156    00000016                                   : strchr.c.obj (.text:strchr)
                  0000316c    00000014                                   : strcpy.c.obj (.text:strcpy)
                  00003180    00000014                                   : strlen.c.obj (.text:strlen)
                  00003194    00000012                                   : wcslen.c.obj (.text:wcslen)
                  000031a6    0000000e                                   : copy_decompress_none.c.obj (.text:decompress:none:__TI_decompress_none)
                  000031b4    0000000e     startup_msp432p401r_ccs.obj (.text)
                  000031c2    00000002     --HOLE-- [fill = 0]
                  000031c4    00000008     rtsv7M4_T_le_v4SPD16_eabi.lib : errno.c.obj (.text:__aeabi_errno_addr)
                  000031cc    00000008                                   : memory.c.obj (.text:malloc)
                  000031d4    00000004                                   : printf.c.obj (.text:_outc)
                  000031d8    00000004                                   : printf.c.obj (.text:_outs)
                  000031dc    00000004                                   : pre_init.c.obj (.text:_system_pre_init)
                  000031e0    00000004                                   : exit.c.obj (.text:abort:abort)

.const     0    000031e4    00000101     
                  000031e4    00000101     rtsv7M4_T_le_v4SPD16_eabi.lib : ctype.c.obj (.const:.string:_ctypes_)

.cinit     0    000032e8    00000090     
                  000032e8    0000006c     (.cinit..data.load) [load image, compression = lzss]
                  00003354    0000000c     (__TI_handler_table)
                  00003360    00000008     (.cinit..bss.load) [load image, compression = zero_init]
                  00003368    00000010     (__TI_cinit_table)

.init_array 
*          0    00000000    00000000     UNINITIALIZED

.binit     0    00000000    00000000     

.sysmem    0    20000000    00000400     UNINITIALIZED
                  20000000    00000010     rtsv7M4_T_le_v4SPD16_eabi.lib : memory.c.obj (.sysmem)
                  20000010    000003f0     --HOLE--

.data      0    20000400    000001ec     UNINITIALIZED
                  20000400    000000f0     rtsv7M4_T_le_v4SPD16_eabi.lib : defs.c.obj (.data:_ftable)
                  200004f0    00000078                                   : host_device.c.obj (.data:_device)
                  20000568    00000050                                   : host_device.c.obj (.data:_stream)
                  200005b8    00000010                                   : defs.c.obj (.data)
                  200005c8    0000000c                                   : exit.c.obj (.data:$O1$$)
                  200005d4    00000008                                   : _lock.c.obj (.data:$O1$$)
                  200005dc    00000008                                   : memory.c.obj (.data:$O1$$)
                  200005e4    00000004                                   : errno.c.obj (.data)
                  200005e8    00000004     system_msp432p401r.obj (.data)

.bss       0    200005ec    000001ca     UNINITIALIZED
                  200005ec    00000120     rtsv7M4_T_le_v4SPD16_eabi.lib : trgmsg.c.obj (.bss:_CIOBUF_)
                  2000070c    000000a0     (.common:__TI_tmpnams)
                  200007ac    00000008     (.common:parmbuf)
                  200007b4    00000001     (.common:num)
                  200007b5    00000001     (.common:pressed)

.stack     0    2000fe00    00000200     UNINITIALIZED
                  2000fe00    00000004     rtsv7M4_T_le_v4SPD16_eabi.lib : boot_cortex_m.c.obj (.stack)
                  2000fe04    000001fc     --HOLE--

__llvm_prf_cnts 
*          0    20000000    00000000     UNINITIALIZED

MODULE SUMMARY

       Module                        code    ro data   rw data
       ------                        ----    -------   -------
    .\
       main.obj                      972     0         4      
       system_msp432p401r.obj        820     0         8      
       startup_msp432p401r_ccs.obj   14      228       0      
    +--+-----------------------------+-------+---------+---------+
       Total:                        1806    228       12     
                                                              
    C:\Apps\ccs\tools\compiler\ti-cgt-arm_20.2.2.LTS\lib\rtsv7M4_T_le_v4SPD16_eabi.lib
       _printfi.c.obj                4851    0         0      
       defs.c.obj                    0       0         832    
       memory.c.obj                  672     0         16     
       trgmsg.c.obj                  108     0         576    
       fd_add_t2.asm.obj             438     0         0      
       host_device.c.obj             0       0         400    
       fd_div_t2.asm.obj             310     0         0      
       fputs.c.obj                   276     0         0      
       s_scalbn.c.obj                272     0         0      
       fd_cmp_t2.asm.obj             268     0         0      
       ctype.c.obj                   0       257       0      
       fd_mul_t2.asm.obj             252     0         0      
       setvbuf.c.obj                 220     0         0      
       memcpy_t2.asm.obj             156     0         0      
       ull_div_t2.asm.obj            150     0         0      
       fputc.c.obj                   140     0         0      
       memset_t2.asm.obj             122     0         0      
       fclose.c.obj                  116     0         0      
       getdevice.c.obj               116     0         0      
       hostopen.c.obj                96      0         16     
       printf.c.obj                  112     0         0      
       hostrename.c.obj              108     0         0      
       copy_decompress_lzss.c.obj    104     0         0      
       hostlseek.c.obj               104     0         0      
       exit.c.obj                    76      0         24     
       fseek.c.obj                   100     0         0      
       s_frexp.c.obj                 100     0         0      
       _io_perm.c.obj                98      0         0      
       close.c.obj                   92      0         0      
       hostread.c.obj                88      0         0      
       hostwrite.c.obj               88      0         0      
       _ltoa.c.obj                   84      0         0      
       atoi.c.obj                    76      0         0      
       fflush.c.obj                  76      0         0      
       fd_toi_t2.asm.obj             72      0         0      
       autoinit.c.obj                68      0         0      
       hostclose.c.obj               68      0         0      
       hostunlink.c.obj              68      0         0      
       strncpy.c.obj                 54      0         0      
       boot_cortex_m.c.obj           52      0         0      
       fopen.c.obj                   52      0         0      
       i_tofd_t2.asm.obj             46      0         0      
       unlink.c.obj                  44      0         0      
       lseek.c.obj                   40      0         0      
       write.c.obj                   40      0         0      
       memchr.c.obj                  32      0         0      
       copy_zero_init.c.obj          28      0         0      
       memccpy.c.obj                 28      0         0      
       s_copysign.c.obj              26      0         0      
       strcmp.c.obj                  24      0         0      
       strchr.c.obj                  22      0         0      
       strcpy.c.obj                  20      0         0      
       strlen.c.obj                  20      0         0      
       _lock.c.obj                   2       0         16     
       wcslen.c.obj                  18      0         0      
       errno.c.obj                   8       0         8      
       copy_decompress_none.c.obj    14      0         0      
       pre_init.c.obj                4       0         0      
       div0.asm.obj                  2       0         0      
    +--+-----------------------------+-------+---------+---------+
       Total:                        10721   257       1888   
                                                              
       Heap:                         0       0         2048   
       Stack:                        0       0         1024   
       Linker Generated:             0       144       0      
    +--+-----------------------------+-------+---------+---------+
       Grand Total:                  12527   629       4972   


LINKER GENERATED COPY TABLES

__TI_cinit_table @ 00003368 records: 2, size/record: 8, table size: 16
	.data: load addr=000032e8, load size=0000006c bytes, run addr=20000400, run size=000001ec bytes, compression=lzss
	.bss: load addr=00003360, load size=00000008 bytes, run addr=200005ec, run size=000001ca bytes, compression=zero_init


LINKER GENERATED HANDLER TABLE

__TI_handler_table @ 00003354 records: 3, size/record: 4, table size: 12
	index: 0, handler: __TI_decompress_lzss
	index: 1, handler: __TI_decompress_none
	index: 2, handler: __TI_zero_init


GLOBAL SYMBOLS: SORTED ALPHABETICALLY BY Name 

address   name                           
-------   ----                           
000031c1  ADC14_IRQHandler               
000031c1  AES256_IRQHandler              
000031c1  BusFault_Handler               
000031e1  C$$EXIT                        
00002ecf  C$$IO$$                        
000031c1  COMP_E0_IRQHandler             
000031c1  COMP_E1_IRQHandler             
000031c1  CS_IRQHandler                  
000031c1  DMA_ERR_IRQHandler             
000031c1  DMA_INT0_IRQHandler            
000031c1  DMA_INT1_IRQHandler            
000031c1  DMA_INT2_IRQHandler            
000031c1  DMA_INT3_IRQHandler            
000031c1  DebugMon_Handler               
000031c1  Default_Handler                
000031c1  EUSCIA0_IRQHandler             
000031c1  EUSCIA1_IRQHandler             
000031c1  EUSCIA2_IRQHandler             
000031c1  EUSCIA3_IRQHandler             
000031c1  EUSCIB0_IRQHandler             
000031c1  EUSCIB1_IRQHandler             
000031c1  EUSCIB2_IRQHandler             
000031c1  EUSCIB3_IRQHandler             
000031c1  FLCTL_IRQHandler               
000031c1  FPU_IRQHandler                 
00002d51  HOSTclose                      
0000275d  HOSTlseek                      
000029c1  HOSTopen                       
00002a7d  HOSTread                       
000026f1  HOSTrename                     
00002d95  HOSTunlink                     
00002ad5  HOSTwrite                      
000031c1  HardFault_Handler              
000031c1  MemManage_Handler              
000031c1  NMI_Handler                    
000031c1  PCM_IRQHandler                 
000031c1  PORT1_IRQHandler               
000031c1  PORT2_IRQHandler               
000031c1  PORT3_IRQHandler               
000031c1  PORT4_IRQHandler               
000031c1  PORT5_IRQHandler               
000031c1  PORT6_IRQHandler               
000031c1  PSS_IRQHandler                 
000031c1  PendSV_Handler                 
000031c1  RTC_C_IRQHandler               
000031b5  Reset_Handler                  
000031c1  SVC_Handler                    
000031c1  SysTick_Handler                
00000c9d  SysTick_Init                   
00000dcd  SysTick_delay                  
200005e8  SystemCoreClock                
00000f01  SystemCoreClockUpdate          
00001179  SystemInit                     
000031c1  T32_INT1_IRQHandler            
000031c1  T32_INT2_IRQHandler            
000031c1  T32_INTC_IRQHandler            
000031c1  TA0_0_IRQHandler               
000031c1  TA0_N_IRQHandler               
000031c1  TA1_0_IRQHandler               
000031c1  TA1_N_IRQHandler               
000031c1  TA2_0_IRQHandler               
000031c1  TA2_N_IRQHandler               
000031c1  TA3_0_IRQHandler               
000031c1  TA3_N_IRQHandler               
000031c1  UsageFault_Handler             
4000480c  WDTCTL_SYM                     
000031c1  WDT_A_IRQHandler               
200005ec  __CIOBUF_                      
20010000  __STACK_END                    
00000200  __STACK_SIZE                   
00000400  __SYSMEM_SIZE                  
00003368  __TI_CINIT_Base                
00003378  __TI_CINIT_Limit               
00003354  __TI_Handler_Table_Base        
00003360  __TI_Handler_Table_Limit       
00002dd9  __TI_auto_init_nobinit_nopinit 
00002f11  __TI_cleanup                   
200005c8  __TI_cleanup_ptr               
0000259d  __TI_closefile                 
000027c5  __TI_decompress_lzss           
000031a7  __TI_decompress_none           
00002c29  __TI_doflush                   
200005cc  __TI_dtors_ptr                 
200005d0  __TI_enable_exit_profile_output
200005b8  __TI_ft_end                    
00002b83  __TI_ltoa                      
ffffffff  __TI_pprof_out_hndl            
000000e5  __TI_printfi                   
ffffffff  __TI_prof_data_size            
ffffffff  __TI_prof_data_start           
00002f45  __TI_readmsg                   
00000000  __TI_static_base__             
2000070c  __TI_tmpnams                   
00002ea1  __TI_writemsg                  
0000295d  __TI_wrt_ok                    
000030d1  __TI_zero_init_nomemset        
00002415  __aeabi_cdcmpeq                
00002415  __aeabi_cdcmple                
0000249b  __aeabi_cdrcmple               
00002d09  __aeabi_d2iz                   
0000167f  __aeabi_dadd                   
00001969  __aeabi_ddiv                   
00001ee9  __aeabi_dmul                   
00001675  __aeabi_dsub                   
000031c5  __aeabi_errno_addr             
00002fdd  __aeabi_i2d                    
0000182b  __aeabi_idiv0                  
0000182b  __aeabi_ldiv0                  
00002521  __aeabi_memclr                 
00002521  __aeabi_memclr4                
00002521  __aeabi_memclr8                
00002257  __aeabi_memcpy                 
00002257  __aeabi_memcpy4                
00002257  __aeabi_memcpy8                
00002523  __aeabi_memset                 
00002523  __aeabi_memset4                
00002523  __aeabi_memset8                
200005c4  __aeabi_stderr                 
200005bc  __aeabi_stdin                  
200005c0  __aeabi_stdout                 
000022f3  __aeabi_uldivmod               
ffffffff  __binit__                      
ffffffff  __c_args__                     
UNDEFED   __mpu_init                     
2000fe00  __stack                        
20000000  __start___llvm_prf_cnts        
20000000  __stop___llvm_prf_cnts         
00002f79  _c_int00_noargs                
000031e4  _ctypes_                       
200004f0  _device                        
20000400  _ftable                        
200005d4  _lock                          
00000b33  _nop                           
20000568  _stream                        
20000000  _sys_memory                    
UNDEFED   _system_post_cinit             
000031dd  _system_pre_init               
200005d8  _unlock                        
000031e1  abort                          
00001de9  aligned_alloc                  
00002c75  atoi                           
ffffffff  binit                          
00002a21  close                          
00003125  copysign                       
00003125  copysignl                      
200005e4  errno                          
00002cc1  exit                           
00002fad  finddevice                     
00002389  fputc                          
00001bc5  fputs                          
00001fe5  free                           
00002895  frexp                          
00002895  frexpl                         
000028f9  fseek                          
00002e1d  getdevice                      
00000000  interruptVectors               
00000c69  keypad_init                    
00000cb9  keypad_read                    
00001cd9  ldexp                          
00001cd9  ldexpl                         
00003061  lseek                          
00000b35  main                           
000031cd  malloc                         
00001de9  memalign                       
00003109  memccpy                        
000030b1  memchr                         
00002257  memcpy                         
00002529  memset                         
200007b4  num                            
200007ac  parmbuf                        
200007b5  pressed                        
00000e09  print_keys                     
0000282d  printf                         
00002389  putc                           
0000300d  remove                         
00001cd9  scalbn                         
00001cd9  scalbnl                        
000020c9  setvbuf                        
00003157  strchr                         
0000313f  strcmp                         
0000316d  strcpy                         
00003181  strlen                         
00002ed9  strncpy                        
0000300d  unlink                         
00003195  wcslen                         
00003089  write                          


GLOBAL SYMBOLS: SORTED BY Symbol Address 

address   name                           
-------   ----                           
00000000  __TI_static_base__             
00000000  interruptVectors               
000000e5  __TI_printfi                   
00000200  __STACK_SIZE                   
00000400  __SYSMEM_SIZE                  
00000b33  _nop                           
00000b35  main                           
00000c69  keypad_init                    
00000c9d  SysTick_Init                   
00000cb9  keypad_read                    
00000dcd  SysTick_delay                  
00000e09  print_keys                     
00000f01  SystemCoreClockUpdate          
00001179  SystemInit                     
00001675  __aeabi_dsub                   
0000167f  __aeabi_dadd                   
0000182b  __aeabi_idiv0                  
0000182b  __aeabi_ldiv0                  
00001969  __aeabi_ddiv                   
00001bc5  fputs                          
00001cd9  ldexp                          
00001cd9  ldexpl                         
00001cd9  scalbn                         
00001cd9  scalbnl                        
00001de9  aligned_alloc                  
00001de9  memalign                       
00001ee9  __aeabi_dmul                   
00001fe5  free                           
000020c9  setvbuf                        
00002257  __aeabi_memcpy                 
00002257  __aeabi_memcpy4                
00002257  __aeabi_memcpy8                
00002257  memcpy                         
000022f3  __aeabi_uldivmod               
00002389  fputc                          
00002389  putc                           
00002415  __aeabi_cdcmpeq                
00002415  __aeabi_cdcmple                
0000249b  __aeabi_cdrcmple               
00002521  __aeabi_memclr                 
00002521  __aeabi_memclr4                
00002521  __aeabi_memclr8                
00002523  __aeabi_memset                 
00002523  __aeabi_memset4                
00002523  __aeabi_memset8                
00002529  memset                         
0000259d  __TI_closefile                 
000026f1  HOSTrename                     
0000275d  HOSTlseek                      
000027c5  __TI_decompress_lzss           
0000282d  printf                         
00002895  frexp                          
00002895  frexpl                         
000028f9  fseek                          
0000295d  __TI_wrt_ok                    
000029c1  HOSTopen                       
00002a21  close                          
00002a7d  HOSTread                       
00002ad5  HOSTwrite                      
00002b83  __TI_ltoa                      
00002c29  __TI_doflush                   
00002c75  atoi                           
00002cc1  exit                           
00002d09  __aeabi_d2iz                   
00002d51  HOSTclose                      
00002d95  HOSTunlink                     
00002dd9  __TI_auto_init_nobinit_nopinit 
00002e1d  getdevice                      
00002ea1  __TI_writemsg                  
00002ecf  C$$IO$$                        
00002ed9  strncpy                        
00002f11  __TI_cleanup                   
00002f45  __TI_readmsg                   
00002f79  _c_int00_noargs                
00002fad  finddevice                     
00002fdd  __aeabi_i2d                    
0000300d  remove                         
0000300d  unlink                         
00003061  lseek                          
00003089  write                          
000030b1  memchr                         
000030d1  __TI_zero_init_nomemset        
00003109  memccpy                        
00003125  copysign                       
00003125  copysignl                      
0000313f  strcmp                         
00003157  strchr                         
0000316d  strcpy                         
00003181  strlen                         
00003195  wcslen                         
000031a7  __TI_decompress_none           
000031b5  Reset_Handler                  
000031c1  ADC14_IRQHandler               
000031c1  AES256_IRQHandler              
000031c1  BusFault_Handler               
000031c1  COMP_E0_IRQHandler             
000031c1  COMP_E1_IRQHandler             
000031c1  CS_IRQHandler                  
000031c1  DMA_ERR_IRQHandler             
000031c1  DMA_INT0_IRQHandler            
000031c1  DMA_INT1_IRQHandler            
000031c1  DMA_INT2_IRQHandler            
000031c1  DMA_INT3_IRQHandler            
000031c1  DebugMon_Handler               
000031c1  Default_Handler                
000031c1  EUSCIA0_IRQHandler             
000031c1  EUSCIA1_IRQHandler             
000031c1  EUSCIA2_IRQHandler             
000031c1  EUSCIA3_IRQHandler             
000031c1  EUSCIB0_IRQHandler             
000031c1  EUSCIB1_IRQHandler             
000031c1  EUSCIB2_IRQHandler             
000031c1  EUSCIB3_IRQHandler             
000031c1  FLCTL_IRQHandler               
000031c1  FPU_IRQHandler                 
000031c1  HardFault_Handler              
000031c1  MemManage_Handler              
000031c1  NMI_Handler                    
000031c1  PCM_IRQHandler                 
000031c1  PORT1_IRQHandler               
000031c1  PORT2_IRQHandler               
000031c1  PORT3_IRQHandler               
000031c1  PORT4_IRQHandler               
000031c1  PORT5_IRQHandler               
000031c1  PORT6_IRQHandler               
000031c1  PSS_IRQHandler                 
000031c1  PendSV_Handler                 
000031c1  RTC_C_IRQHandler               
000031c1  SVC_Handler                    
000031c1  SysTick_Handler                
000031c1  T32_INT1_IRQHandler            
000031c1  T32_INT2_IRQHandler            
000031c1  T32_INTC_IRQHandler            
000031c1  TA0_0_IRQHandler               
000031c1  TA0_N_IRQHandler               
000031c1  TA1_0_IRQHandler               
000031c1  TA1_N_IRQHandler               
000031c1  TA2_0_IRQHandler               
000031c1  TA2_N_IRQHandler               
000031c1  TA3_0_IRQHandler               
000031c1  TA3_N_IRQHandler               
000031c1  UsageFault_Handler             
000031c1  WDT_A_IRQHandler               
000031c5  __aeabi_errno_addr             
000031cd  malloc                         
000031dd  _system_pre_init               
000031e1  C$$EXIT                        
000031e1  abort                          
000031e4  _ctypes_                       
00003354  __TI_Handler_Table_Base        
00003360  __TI_Handler_Table_Limit       
00003368  __TI_CINIT_Base                
00003378  __TI_CINIT_Limit               
20000000  __start___llvm_prf_cnts        
20000000  __stop___llvm_prf_cnts         
20000000  _sys_memory                    
20000400  _ftable                        
200004f0  _device                        
20000568  _stream                        
200005b8  __TI_ft_end                    
200005bc  __aeabi_stdin                  
200005c0  __aeabi_stdout                 
200005c4  __aeabi_stderr                 
200005c8  __TI_cleanup_ptr               
200005cc  __TI_dtors_ptr                 
200005d0  __TI_enable_exit_profile_output
200005d4  _lock                          
200005d8  _unlock                        
200005e4  errno                          
200005e8  SystemCoreClock                
200005ec  __CIOBUF_                      
2000070c  __TI_tmpnams                   
200007ac  parmbuf                        
200007b4  num                            
200007b5  pressed                        
2000fe00  __stack                        
20010000  __STACK_END                    
4000480c  WDTCTL_SYM                     
ffffffff  __TI_pprof_out_hndl            
ffffffff  __TI_prof_data_size            
ffffffff  __TI_prof_data_start           
ffffffff  __binit__                      
ffffffff  __c_args__                     
ffffffff  binit                          
UNDEFED   __mpu_init                     
UNDEFED   _system_post_cinit             

[186 symbols]
