******************************************************************************
                  TI ARM Linker PC v20.2.2                     
******************************************************************************
>> Linked Tue Mar 16 20:04:46 2021

OUTPUT FILE NAME:   <EGR226_Lab7_Part3.out>
ENTRY POINT SYMBOL: "_c_int00_noargs"  address: 00000835


MEMORY CONFIGURATION

         name            origin    length      used     unused   attr    fill
----------------------  --------  ---------  --------  --------  ----  --------
  MAIN                  00000000   00040000  000008c7  0003f739  R  X
  INFO                  00200000   00004000  00000000  00004000  R  X
  SRAM_CODE             01000000   00010000  00000204  0000fdfc  RW X
  SRAM_DATA             20000000   00010000  00000204  0000fdfc  RW  


SEGMENT ALLOCATION MAP

run origin  load origin   length   init length attrs members
----------  ----------- ---------- ----------- ----- -------
00000000    00000000    000008c8   000008c8    r-x
  00000000    00000000    000000e4   000000e4    r-- .intvecs
  000000e4    000000e4    000007bc   000007bc    r-x .text
  000008a0    000008a0    0000000f   0000000f    r-- .const
  000008b0    000008b0    00000018   00000018    r-- .cinit
20000000    20000000    00000004   00000000    rw-
  20000000    20000000    00000004   00000000    rw- .data
2000fe00    2000fe00    00000200   00000000    rw-
  2000fe00    2000fe00    00000200   00000000    rw- .stack


SECTION ALLOCATION MAP

 output                                  attributes/
section   page    origin      length       input sections
--------  ----  ----------  ----------   ----------------
.intvecs   0    00000000    000000e4     
                  00000000    000000e4     startup_msp432p401r_ccs.obj (.intvecs:retain)

.text      0    000000e4    000007bc     
                  000000e4    00000334     system_msp432p401r.obj (.text)
                  00000418    000002d4     mainP3.obj (.text)
                  000006ec    0000009c     rtsv7M4_T_le_v4SPD16_eabi.lib : memcpy_t2.asm.obj (.text)
                  00000788    00000068                                   : copy_decompress_lzss.c.obj (.text:decompress:lzss:__TI_decompress_lzss)
                  000007f0    00000044                                   : autoinit.c.obj (.text:__TI_auto_init_nobinit_nopinit:__TI_auto_init_nobinit_nopinit)
                  00000834    00000034                                   : boot_cortex_m.c.obj (.text:_c_int00_noargs:_c_int00_noargs)
                  00000868    00000014                                   : strlen.c.obj (.text:strlen)
                  0000087c    0000000e                                   : copy_decompress_none.c.obj (.text:decompress:none:__TI_decompress_none)
                  0000088a    0000000e     startup_msp432p401r_ccs.obj (.text)
                  00000898    00000004     rtsv7M4_T_le_v4SPD16_eabi.lib : pre_init.c.obj (.text:_system_pre_init)
                  0000089c    00000004                                   : exit.c.obj (.text:abort:abort)

.const     0    000008a0    0000000f     
                  000008a0    0000000f     mainP3.obj (.const:.string:$P$T0$1)

.cinit     0    000008b0    00000018     
                  000008b0    00000008     (.cinit..data.load) [load image, compression = lzss]
                  000008b8    00000008     (__TI_handler_table)
                  000008c0    00000008     (__TI_cinit_table)

.init_array 
*          0    00000000    00000000     UNINITIALIZED

.binit     0    00000000    00000000     

.data      0    20000000    00000004     UNINITIALIZED
                  20000000    00000004     system_msp432p401r.obj (.data)

.stack     0    2000fe00    00000200     UNINITIALIZED
                  2000fe00    00000004     rtsv7M4_T_le_v4SPD16_eabi.lib : boot_cortex_m.c.obj (.stack)
                  2000fe04    000001fc     --HOLE--

__llvm_prf_cnts 
*          0    20000000    00000000     UNINITIALIZED

MODULE SUMMARY

       Module                        code   ro data   rw data
       ------                        ----   -------   -------
    .\
       system_msp432p401r.obj        820    0         8      
       mainP3.obj                    724    15        0      
       startup_msp432p401r_ccs.obj   14     228       0      
    +--+-----------------------------+------+---------+---------+
       Total:                        1558   243       8      
                                                             
    C:\Apps\ccs\tools\compiler\ti-cgt-arm_20.2.2.LTS\lib\rtsv7M4_T_le_v4SPD16_eabi.lib
       memcpy_t2.asm.obj             156    0         0      
       copy_decompress_lzss.c.obj    104    0         0      
       autoinit.c.obj                68     0         0      
       boot_cortex_m.c.obj           52     0         0      
       strlen.c.obj                  20     0         0      
       copy_decompress_none.c.obj    14     0         0      
       exit.c.obj                    4      0         0      
       pre_init.c.obj                4      0         0      
    +--+-----------------------------+------+---------+---------+
       Total:                        422    0         0      
                                                             
       Stack:                        0      0         1024   
       Linker Generated:             0      24        0      
    +--+-----------------------------+------+---------+---------+
       Grand Total:                  1980   267       1032   


LINKER GENERATED COPY TABLES

__TI_cinit_table @ 000008c0 records: 1, size/record: 8, table size: 8
	.data: load addr=000008b0, load size=00000008 bytes, run addr=20000000, run size=00000004 bytes, compression=lzss


LINKER GENERATED HANDLER TABLE

__TI_handler_table @ 000008b8 records: 2, size/record: 4, table size: 8
	index: 0, handler: __TI_decompress_lzss
	index: 1, handler: __TI_decompress_none


GLOBAL SYMBOLS: SORTED ALPHABETICALLY BY Name 

address   name                          
-------   ----                          
00000897  ADC14_IRQHandler              
00000897  AES256_IRQHandler             
00000897  BusFault_Handler              
0000089d  C$$EXIT                       
00000897  COMP_E0_IRQHandler            
00000897  COMP_E1_IRQHandler            
00000897  CS_IRQHandler                 
00000897  DMA_ERR_IRQHandler            
00000897  DMA_INT0_IRQHandler           
00000897  DMA_INT1_IRQHandler           
00000897  DMA_INT2_IRQHandler           
00000897  DMA_INT3_IRQHandler           
00000897  DebugMon_Handler              
00000897  Default_Handler               
00000897  EUSCIA0_IRQHandler            
00000897  EUSCIA1_IRQHandler            
00000897  EUSCIA2_IRQHandler            
00000897  EUSCIA3_IRQHandler            
00000897  EUSCIB0_IRQHandler            
00000897  EUSCIB1_IRQHandler            
00000897  EUSCIB2_IRQHandler            
00000897  EUSCIB3_IRQHandler            
00000897  FLCTL_IRQHandler              
00000897  FPU_IRQHandler                
00000897  HardFault_Handler             
0000057d  LCD_init                      
00000897  MemManage_Handler             
00000897  NMI_Handler                   
00000897  PCM_IRQHandler                
00000897  PORT1_IRQHandler              
00000897  PORT2_IRQHandler              
00000897  PORT3_IRQHandler              
00000897  PORT4_IRQHandler              
00000897  PORT5_IRQHandler              
00000897  PORT6_IRQHandler              
00000897  PSS_IRQHandler                
00000897  PendSV_Handler                
00000897  RTC_C_IRQHandler              
0000088b  Reset_Handler                 
00000897  SVC_Handler                   
00000897  SysTick_Handler               
00000561  SysTick_Init                  
000005f1  SysTick_delay                 
20000000  SystemCoreClock               
000000e5  SystemCoreClockUpdate         
0000035d  SystemInit                    
00000897  T32_INT1_IRQHandler           
00000897  T32_INT2_IRQHandler           
00000897  T32_INTC_IRQHandler           
00000897  TA0_0_IRQHandler              
00000897  TA0_N_IRQHandler              
00000897  TA1_0_IRQHandler              
00000897  TA1_N_IRQHandler              
00000897  TA2_0_IRQHandler              
00000897  TA2_N_IRQHandler              
00000897  TA3_0_IRQHandler              
00000897  TA3_N_IRQHandler              
00000897  UsageFault_Handler            
4000480c  WDTCTL_SYM                    
00000897  WDT_A_IRQHandler              
20010000  __STACK_END                   
00000200  __STACK_SIZE                  
000008c0  __TI_CINIT_Base               
000008c8  __TI_CINIT_Limit              
000008b8  __TI_Handler_Table_Base       
000008c0  __TI_Handler_Table_Limit      
000007f1  __TI_auto_init_nobinit_nopinit
00000789  __TI_decompress_lzss          
0000087d  __TI_decompress_none          
ffffffff  __TI_pprof_out_hndl           
ffffffff  __TI_prof_data_size           
ffffffff  __TI_prof_data_start          
00000000  __TI_static_base__            
000006ed  __aeabi_memcpy                
000006ed  __aeabi_memcpy4               
000006ed  __aeabi_memcpy8               
ffffffff  __binit__                     
ffffffff  __c_args__                    
UNDEFED   __mpu_init                    
2000fe00  __stack                       
20000000  __start___llvm_prf_cnts       
20000000  __stop___llvm_prf_cnts        
00000835  _c_int00_noargs               
UNDEFED   _system_post_cinit            
00000899  _system_pre_init              
0000089d  abort                         
ffffffff  binit                         
0000061b  commandWrite                  
000006a9  dataWrite                     
00000000  interruptVectors              
00000419  main                          
000006ed  memcpy                        
00000655  pushNibble                    
00000437  scroll                        
00000869  strlen                        


GLOBAL SYMBOLS: SORTED BY Symbol Address 

address   name                          
-------   ----                          
00000000  __TI_static_base__            
00000000  interruptVectors              
000000e5  SystemCoreClockUpdate         
00000200  __STACK_SIZE                  
0000035d  SystemInit                    
00000419  main                          
00000437  scroll                        
00000561  SysTick_Init                  
0000057d  LCD_init                      
000005f1  SysTick_delay                 
0000061b  commandWrite                  
00000655  pushNibble                    
000006a9  dataWrite                     
000006ed  __aeabi_memcpy                
000006ed  __aeabi_memcpy4               
000006ed  __aeabi_memcpy8               
000006ed  memcpy                        
00000789  __TI_decompress_lzss          
000007f1  __TI_auto_init_nobinit_nopinit
00000835  _c_int00_noargs               
00000869  strlen                        
0000087d  __TI_decompress_none          
0000088b  Reset_Handler                 
00000897  ADC14_IRQHandler              
00000897  AES256_IRQHandler             
00000897  BusFault_Handler              
00000897  COMP_E0_IRQHandler            
00000897  COMP_E1_IRQHandler            
00000897  CS_IRQHandler                 
00000897  DMA_ERR_IRQHandler            
00000897  DMA_INT0_IRQHandler           
00000897  DMA_INT1_IRQHandler           
00000897  DMA_INT2_IRQHandler           
00000897  DMA_INT3_IRQHandler           
00000897  DebugMon_Handler              
00000897  Default_Handler               
00000897  EUSCIA0_IRQHandler            
00000897  EUSCIA1_IRQHandler            
00000897  EUSCIA2_IRQHandler            
00000897  EUSCIA3_IRQHandler            
00000897  EUSCIB0_IRQHandler            
00000897  EUSCIB1_IRQHandler            
00000897  EUSCIB2_IRQHandler            
00000897  EUSCIB3_IRQHandler            
00000897  FLCTL_IRQHandler              
00000897  FPU_IRQHandler                
00000897  HardFault_Handler             
00000897  MemManage_Handler             
00000897  NMI_Handler                   
00000897  PCM_IRQHandler                
00000897  PORT1_IRQHandler              
00000897  PORT2_IRQHandler              
00000897  PORT3_IRQHandler              
00000897  PORT4_IRQHandler              
00000897  PORT5_IRQHandler              
00000897  PORT6_IRQHandler              
00000897  PSS_IRQHandler                
00000897  PendSV_Handler                
00000897  RTC_C_IRQHandler              
00000897  SVC_Handler                   
00000897  SysTick_Handler               
00000897  T32_INT1_IRQHandler           
00000897  T32_INT2_IRQHandler           
00000897  T32_INTC_IRQHandler           
00000897  TA0_0_IRQHandler              
00000897  TA0_N_IRQHandler              
00000897  TA1_0_IRQHandler              
00000897  TA1_N_IRQHandler              
00000897  TA2_0_IRQHandler              
00000897  TA2_N_IRQHandler              
00000897  TA3_0_IRQHandler              
00000897  TA3_N_IRQHandler              
00000897  UsageFault_Handler            
00000897  WDT_A_IRQHandler              
00000899  _system_pre_init              
0000089d  C$$EXIT                       
0000089d  abort                         
000008b8  __TI_Handler_Table_Base       
000008c0  __TI_CINIT_Base               
000008c0  __TI_Handler_Table_Limit      
000008c8  __TI_CINIT_Limit              
20000000  SystemCoreClock               
20000000  __start___llvm_prf_cnts       
20000000  __stop___llvm_prf_cnts        
2000fe00  __stack                       
20010000  __STACK_END                   
4000480c  WDTCTL_SYM                    
ffffffff  __TI_pprof_out_hndl           
ffffffff  __TI_prof_data_size           
ffffffff  __TI_prof_data_start          
ffffffff  __binit__                     
ffffffff  __c_args__                    
ffffffff  binit                         
UNDEFED   __mpu_init                    
UNDEFED   _system_post_cinit            

[95 symbols]
