******************************************************************************
                  TI ARM Linker PC v20.2.2                     
******************************************************************************
>> Linked Wed Mar 24 09:06:41 2021

OUTPUT FILE NAME:   <EGR226_Lab9_Part2.out>
ENTRY POINT SYMBOL: "_c_int00_noargs"  address: 000007a1


MEMORY CONFIGURATION

         name            origin    length      used     unused   attr    fill
----------------------  --------  ---------  --------  --------  ----  --------
  MAIN                  00000000   00040000  00000814  0003f7ec  R  X
  INFO                  00200000   00004000  00000000  00004000  R  X
  SRAM_CODE             01000000   00010000  00000208  0000fdf8  RW X
  SRAM_DATA             20000000   00010000  00000208  0000fdf8  RW  


SEGMENT ALLOCATION MAP

run origin  load origin   length   init length attrs members
----------  ----------- ---------- ----------- ----- -------
00000000    00000000    00000814   00000814    r-x
  00000000    00000000    000000e4   000000e4    r-- .intvecs
  000000e4    000000e4    00000714   00000714    r-x .text
  000007f8    000007f8    0000001c   0000001c    r-- .cinit
20000000    20000000    00000008   00000000    rw-
  20000000    20000000    00000008   00000000    rw- .data
2000fe00    2000fe00    00000200   00000000    rw-
  2000fe00    2000fe00    00000200   00000000    rw- .stack


SECTION ALLOCATION MAP

 output                                  attributes/
section   page    origin      length       input sections
--------  ----  ----------  ----------   ----------------
.intvecs   0    00000000    000000e4     
                  00000000    000000e4     startup_msp432p401r_ccs.obj (.intvecs:retain)

.text      0    000000e4    00000714     
                  000000e4    00000334     system_msp432p401r.obj (.text)
                  00000418    00000240     main.obj (.text)
                  00000658    0000009c     rtsv7M4_T_le_v4SPD16_eabi.lib : memcpy_t2.asm.obj (.text)
                  000006f4    00000068                                   : copy_decompress_lzss.c.obj (.text:decompress:lzss:__TI_decompress_lzss)
                  0000075c    00000044                                   : autoinit.c.obj (.text:__TI_auto_init_nobinit_nopinit:__TI_auto_init_nobinit_nopinit)
                  000007a0    00000034                                   : boot_cortex_m.c.obj (.text:_c_int00_noargs:_c_int00_noargs)
                  000007d4    0000000e                                   : copy_decompress_none.c.obj (.text:decompress:none:__TI_decompress_none)
                  000007e2    0000000e     startup_msp432p401r_ccs.obj (.text)
                  000007f0    00000004     rtsv7M4_T_le_v4SPD16_eabi.lib : pre_init.c.obj (.text:_system_pre_init)
                  000007f4    00000004                                   : exit.c.obj (.text:abort:abort)

.cinit     0    000007f8    0000001c     
                  000007f8    0000000b     (.cinit..data.load) [load image, compression = lzss]
                  00000803    00000001     --HOLE-- [fill = 0]
                  00000804    00000008     (__TI_handler_table)
                  0000080c    00000008     (__TI_cinit_table)

.init_array 
*          0    00000000    00000000     UNINITIALIZED

.binit     0    00000000    00000000     

.data      0    20000000    00000008     UNINITIALIZED
                  20000000    00000004     main.obj (.data)
                  20000004    00000004     system_msp432p401r.obj (.data)

.stack     0    2000fe00    00000200     UNINITIALIZED
                  2000fe00    00000004     rtsv7M4_T_le_v4SPD16_eabi.lib : boot_cortex_m.c.obj (.stack)
                  2000fe04    000001fc     --HOLE--

__llvm_prf_cnts 
*          0    20000000    00000000     UNINITIALIZED

MODULE SUMMARY

       Module                        code   ro data   rw data
       ------                        ----   -------   -------
    .\
       system_msp432p401r.obj        820    0         8      
       main.obj                      576    0         8      
       startup_msp432p401r_ccs.obj   14     228       0      
    +--+-----------------------------+------+---------+---------+
       Total:                        1410   228       16     
                                                             
    C:\Apps\ccs\tools\compiler\ti-cgt-arm_20.2.2.LTS\lib\rtsv7M4_T_le_v4SPD16_eabi.lib
       memcpy_t2.asm.obj             156    0         0      
       copy_decompress_lzss.c.obj    104    0         0      
       autoinit.c.obj                68     0         0      
       boot_cortex_m.c.obj           52     0         0      
       copy_decompress_none.c.obj    14     0         0      
       exit.c.obj                    4      0         0      
       pre_init.c.obj                4      0         0      
    +--+-----------------------------+------+---------+---------+
       Total:                        402    0         0      
                                                             
       Stack:                        0      0         1024   
       Linker Generated:             0      27        0      
    +--+-----------------------------+------+---------+---------+
       Grand Total:                  1812   255       1040   


LINKER GENERATED COPY TABLES

__TI_cinit_table @ 0000080c records: 1, size/record: 8, table size: 8
	.data: load addr=000007f8, load size=0000000b bytes, run addr=20000000, run size=00000008 bytes, compression=lzss


LINKER GENERATED HANDLER TABLE

__TI_handler_table @ 00000804 records: 2, size/record: 4, table size: 8
	index: 0, handler: __TI_decompress_lzss
	index: 1, handler: __TI_decompress_none


GLOBAL SYMBOLS: SORTED ALPHABETICALLY BY Name 

address   name                          
-------   ----                          
000007ef  ADC14_IRQHandler              
000007ef  AES256_IRQHandler             
000007ef  BusFault_Handler              
000007f5  C$$EXIT                       
000007ef  COMP_E0_IRQHandler            
000007ef  COMP_E1_IRQHandler            
000007ef  CS_IRQHandler                 
000007ef  DMA_ERR_IRQHandler            
000007ef  DMA_INT0_IRQHandler           
000007ef  DMA_INT1_IRQHandler           
000007ef  DMA_INT2_IRQHandler           
000007ef  DMA_INT3_IRQHandler           
000007ef  DebugMon_Handler              
000007ef  Default_Handler               
000007ef  EUSCIA0_IRQHandler            
000007ef  EUSCIA1_IRQHandler            
000007ef  EUSCIA2_IRQHandler            
000007ef  EUSCIA3_IRQHandler            
000007ef  EUSCIB0_IRQHandler            
000007ef  EUSCIB1_IRQHandler            
000007ef  EUSCIB2_IRQHandler            
000007ef  EUSCIB3_IRQHandler            
000007ef  FLCTL_IRQHandler              
000007ef  FPU_IRQHandler                
000007ef  HardFault_Handler             
000004b3  LED_Counter                   
000007ef  MemManage_Handler             
000007ef  NMI_Handler                   
000007ef  PCM_IRQHandler                
000007ef  PORT1_IRQHandler              
000007ef  PORT2_IRQHandler              
000007ef  PORT3_IRQHandler              
000007ef  PORT4_IRQHandler              
000007ef  PORT5_IRQHandler              
000007ef  PORT6_IRQHandler              
000007ef  PSS_IRQHandler                
000007ef  PendSV_Handler                
00000443  Pins_Init                     
000007ef  RTC_C_IRQHandler              
000007e3  Reset_Handler                 
000007ef  SVC_Handler                   
0000062b  SysTick_Handler               
0000062b  SysTick_Handler               
0000046d  SysTick_Init                  
00000489  SysTick_delay                 
20000004  SystemCoreClock               
000000e5  SystemCoreClockUpdate         
0000035d  SystemInit                    
000007ef  T32_INT1_IRQHandler           
000007ef  T32_INT2_IRQHandler           
000007ef  T32_INTC_IRQHandler           
000007ef  TA0_0_IRQHandler              
000007ef  TA0_N_IRQHandler              
000007ef  TA1_0_IRQHandler              
000007ef  TA1_N_IRQHandler              
000007ef  TA2_0_IRQHandler              
000007ef  TA2_N_IRQHandler              
000007ef  TA3_0_IRQHandler              
000007ef  TA3_N_IRQHandler              
000007ef  UsageFault_Handler            
4000480c  WDTCTL_SYM                    
000007ef  WDT_A_IRQHandler              
20010000  __STACK_END                   
00000200  __STACK_SIZE                  
0000080c  __TI_CINIT_Base               
00000814  __TI_CINIT_Limit              
00000804  __TI_Handler_Table_Base       
0000080c  __TI_Handler_Table_Limit      
0000075d  __TI_auto_init_nobinit_nopinit
000006f5  __TI_decompress_lzss          
000007d5  __TI_decompress_none          
ffffffff  __TI_pprof_out_hndl           
ffffffff  __TI_prof_data_size           
ffffffff  __TI_prof_data_start          
00000000  __TI_static_base__            
00000659  __aeabi_memcpy                
00000659  __aeabi_memcpy4               
00000659  __aeabi_memcpy8               
ffffffff  __binit__                     
ffffffff  __c_args__                    
UNDEFED   __mpu_init                    
2000fe00  __stack                       
20000000  __start___llvm_prf_cnts       
20000000  __stop___llvm_prf_cnts        
000007a1  _c_int00_noargs               
UNDEFED   _system_post_cinit            
000007f1  _system_pre_init              
000007f5  abort                         
ffffffff  binit                         
20000000  count                         
00000000  interruptVectors              
00000419  main                          
00000659  memcpy                        


GLOBAL SYMBOLS: SORTED BY Symbol Address 

address   name                          
-------   ----                          
00000000  __TI_static_base__            
00000000  interruptVectors              
000000e5  SystemCoreClockUpdate         
00000200  __STACK_SIZE                  
0000035d  SystemInit                    
00000419  main                          
00000443  Pins_Init                     
0000046d  SysTick_Init                  
00000489  SysTick_delay                 
000004b3  LED_Counter                   
0000062b  SysTick_Handler               
0000062b  SysTick_Handler               
00000659  __aeabi_memcpy                
00000659  __aeabi_memcpy4               
00000659  __aeabi_memcpy8               
00000659  memcpy                        
000006f5  __TI_decompress_lzss          
0000075d  __TI_auto_init_nobinit_nopinit
000007a1  _c_int00_noargs               
000007d5  __TI_decompress_none          
000007e3  Reset_Handler                 
000007ef  ADC14_IRQHandler              
000007ef  AES256_IRQHandler             
000007ef  BusFault_Handler              
000007ef  COMP_E0_IRQHandler            
000007ef  COMP_E1_IRQHandler            
000007ef  CS_IRQHandler                 
000007ef  DMA_ERR_IRQHandler            
000007ef  DMA_INT0_IRQHandler           
000007ef  DMA_INT1_IRQHandler           
000007ef  DMA_INT2_IRQHandler           
000007ef  DMA_INT3_IRQHandler           
000007ef  DebugMon_Handler              
000007ef  Default_Handler               
000007ef  EUSCIA0_IRQHandler            
000007ef  EUSCIA1_IRQHandler            
000007ef  EUSCIA2_IRQHandler            
000007ef  EUSCIA3_IRQHandler            
000007ef  EUSCIB0_IRQHandler            
000007ef  EUSCIB1_IRQHandler            
000007ef  EUSCIB2_IRQHandler            
000007ef  EUSCIB3_IRQHandler            
000007ef  FLCTL_IRQHandler              
000007ef  FPU_IRQHandler                
000007ef  HardFault_Handler             
000007ef  MemManage_Handler             
000007ef  NMI_Handler                   
000007ef  PCM_IRQHandler                
000007ef  PORT1_IRQHandler              
000007ef  PORT2_IRQHandler              
000007ef  PORT3_IRQHandler              
000007ef  PORT4_IRQHandler              
000007ef  PORT5_IRQHandler              
000007ef  PORT6_IRQHandler              
000007ef  PSS_IRQHandler                
000007ef  PendSV_Handler                
000007ef  RTC_C_IRQHandler              
000007ef  SVC_Handler                   
000007ef  T32_INT1_IRQHandler           
000007ef  T32_INT2_IRQHandler           
000007ef  T32_INTC_IRQHandler           
000007ef  TA0_0_IRQHandler              
000007ef  TA0_N_IRQHandler              
000007ef  TA1_0_IRQHandler              
000007ef  TA1_N_IRQHandler              
000007ef  TA2_0_IRQHandler              
000007ef  TA2_N_IRQHandler              
000007ef  TA3_0_IRQHandler              
000007ef  TA3_N_IRQHandler              
000007ef  UsageFault_Handler            
000007ef  WDT_A_IRQHandler              
000007f1  _system_pre_init              
000007f5  C$$EXIT                       
000007f5  abort                         
00000804  __TI_Handler_Table_Base       
0000080c  __TI_CINIT_Base               
0000080c  __TI_Handler_Table_Limit      
00000814  __TI_CINIT_Limit              
20000000  __start___llvm_prf_cnts       
20000000  __stop___llvm_prf_cnts        
20000000  count                         
20000004  SystemCoreClock               
2000fe00  __stack                       
20010000  __STACK_END                   
4000480c  WDTCTL_SYM                    
ffffffff  __TI_pprof_out_hndl           
ffffffff  __TI_prof_data_size           
ffffffff  __TI_prof_data_start          
ffffffff  __binit__                     
ffffffff  __c_args__                    
ffffffff  binit                         
UNDEFED   __mpu_init                    
UNDEFED   _system_post_cinit            

[93 symbols]
