******************************************************************************
                  TI ARM Linker PC v20.2.2                     
******************************************************************************
>> Linked Wed Mar 17 12:19:28 2021

OUTPUT FILE NAME:   <EGR226_Lab8_Part3.out>
ENTRY POINT SYMBOL: "_c_int00_noargs"  address: 00002fd9


MEMORY CONFIGURATION

         name            origin    length      used     unused   attr    fill
----------------------  --------  ---------  --------  --------  ----  --------
  MAIN                  00000000   00040000  000033e5  0003cc1b  R  X
  INFO                  00200000   00004000  00000000  00004000  R  X
  SRAM_CODE             01000000   00010000  000009c3  0000f63d  RW X
  SRAM_DATA             20000000   00010000  000009c3  0000f63d  RW  


SEGMENT ALLOCATION MAP

run origin  load origin   length   init length attrs members
----------  ----------- ---------- ----------- ----- -------
00000000    00000000    000033e8   000033e8    r-x
  00000000    00000000    000000e4   000000e4    r-- .intvecs
  000000e4    000000e4    00003160   00003160    r-x .text
  00003244    00003244    00000101   00000101    r-- .const
  00003348    00003348    000000a0   000000a0    r-- .cinit
20000000    20000000    000007c3   00000000    rw-
  20000000    20000000    00000400   00000000    rw- .sysmem
  20000400    20000400    000001f8   00000000    rw- .data
  200005f8    200005f8    000001cb   00000000    rw- .bss
2000fe00    2000fe00    00000200   00000000    rw-
  2000fe00    2000fe00    00000200   00000000    rw- .stack


SECTION ALLOCATION MAP

 output                                  attributes/
section   page    origin      length       input sections
--------  ----  ----------  ----------   ----------------
.intvecs   0    00000000    000000e4     
                  00000000    000000e4     startup_msp432p401r_ccs.obj (.intvecs:retain)

.text      0    000000e4    00003160     
                  000000e4    00000a4e     rtsv7M4_T_le_v4SPD16_eabi.lib : _printfi.c.obj (.text:__TI_printfi)
                  00000b32    00000002                                   : _lock.c.obj (.text:_nop)
                  00000b34    0000042c     main.obj (.text)
                  00000f60    00000334     system_msp432p401r.obj (.text)
                  00001294    00000270     rtsv7M4_T_le_v4SPD16_eabi.lib : _printfi.c.obj (.text:_pconv_a)
                  00001504    000001d0                                   : _printfi.c.obj (.text:_pconv_g)
                  000016d4    000001b6                                   : fd_add_t2.asm.obj (.text)
                  0000188a    00000002                                   : div0.asm.obj (.text)
                  0000188c    0000013c                                   : _printfi.c.obj (.text:_pconv_e)
                  000019c8    00000136                                   : fd_div_t2.asm.obj (.text)
                  00001afe    00000002     --HOLE-- [fill = 0]
                  00001b00    00000124                                   : _printfi.c.obj (.text:fcvt)
                  00001c24    00000114                                   : fputs.c.obj (.text:fputs)
                  00001d38    00000110                                   : s_scalbn.c.obj (.text:scalbn)
                  00001e48    00000100                                   : memory.c.obj (.text:aligned_alloc)
                  00001f48    000000fc                                   : fd_mul_t2.asm.obj (.text)
                  00002044    000000e4                                   : memory.c.obj (.text:free)
                  00002128    000000dc                                   : setvbuf.c.obj (.text:setvbuf)
                  00002204    000000b1                                   : _printfi.c.obj (.text:_ltostr)
                  000022b5    00000001     --HOLE-- [fill = 0]
                  000022b6    0000009c                                   : memcpy_t2.asm.obj (.text)
                  00002352    00000096                                   : ull_div_t2.asm.obj (.text)
                  000023e8    0000008c                                   : fputc.c.obj (.text:fputc)
                  00002474    00000086                                   : fd_cmp_t2.asm.obj (.text:__aeabi_cdcmple)
                  000024fa    00000086                                   : fd_cmp_t2.asm.obj (.text:__aeabi_cdrcmple)
                  00002580    0000007a                                   : memset_t2.asm.obj (.text)
                  000025fa    00000002     --HOLE-- [fill = 0]
                  000025fc    00000074                                   : fclose.c.obj (.text:__TI_closefile)
                  00002670    00000070                                   : memory.c.obj (.text:split)
                  000026e0    0000006e                                   : _printfi.c.obj (.text:_mcpy)
                  0000274e    00000002     --HOLE-- [fill = 0]
                  00002750    0000006c                                   : hostrename.c.obj (.text:HOSTrename)
                  000027bc    00000068                                   : hostlseek.c.obj (.text:HOSTlseek)
                  00002824    00000068                                   : copy_decompress_lzss.c.obj (.text:decompress:lzss:__TI_decompress_lzss)
                  0000288c    00000068                                   : printf.c.obj (.text:printf)
                  000028f4    00000064                                   : s_frexp.c.obj (.text:frexp)
                  00002958    00000064                                   : fseek.c.obj (.text:fseek)
                  000029bc    00000062                                   : _io_perm.c.obj (.text:__TI_wrt_ok)
                  00002a1e    00000002     --HOLE-- [fill = 0]
                  00002a20    00000060                                   : hostopen.c.obj (.text:HOSTopen)
                  00002a80    0000005c                                   : close.c.obj (.text:close)
                  00002adc    00000058                                   : hostread.c.obj (.text:HOSTread)
                  00002b34    00000058                                   : hostwrite.c.obj (.text:HOSTwrite)
                  00002b8c    00000056                                   : _printfi.c.obj (.text:_pconv_f)
                  00002be2    00000054                                   : _ltoa.c.obj (.text:__TI_ltoa)
                  00002c36    00000052                                   : _printfi.c.obj (.text:_ecpy)
                  00002c88    0000004c                                   : fflush.c.obj (.text:__TI_doflush)
                  00002cd4    0000004c                                   : atoi.c.obj (.text:atoi)
                  00002d20    00000048                                   : exit.c.obj (.text:exit)
                  00002d68    00000048                                   : fd_toi_t2.asm.obj (.text)
                  00002db0    00000044                                   : hostclose.c.obj (.text:HOSTclose)
                  00002df4    00000044                                   : hostunlink.c.obj (.text:HOSTunlink)
                  00002e38    00000044                                   : autoinit.c.obj (.text:__TI_auto_init_nobinit_nopinit:__TI_auto_init_nobinit_nopinit)
                  00002e7c    00000044                                   : getdevice.c.obj (.text:getdevice)
                  00002ec0    0000003e                                   : _printfi.c.obj (.text:_fcpy)
                  00002efe    00000002     --HOLE-- [fill = 0]
                  00002f00    00000038                                   : trgmsg.c.obj (.text:__TI_writemsg)
                  00002f38    00000036                                   : strncpy.c.obj (.text:strncpy)
                  00002f6e    00000002     --HOLE-- [fill = 0]
                  00002f70    00000034                                   : fopen.c.obj (.text:__TI_cleanup)
                  00002fa4    00000034                                   : trgmsg.c.obj (.text:__TI_readmsg)
                  00002fd8    00000034                                   : boot_cortex_m.c.obj (.text:_c_int00_noargs:_c_int00_noargs)
                  0000300c    00000030                                   : getdevice.c.obj (.text:finddevice)
                  0000303c    0000002e                                   : i_tofd_t2.asm.obj (.text)
                  0000306a    00000002     --HOLE-- [fill = 0]
                  0000306c    0000002c                                   : unlink.c.obj (.text:unlink)
                  00003098    00000028                                   : memory.c.obj (.text:free_list_insert)
                  000030c0    00000028                                   : lseek.c.obj (.text:lseek)
                  000030e8    00000028                                   : write.c.obj (.text:write)
                  00003110    00000020                                   : memchr.c.obj (.text:memchr)
                  00003130    0000001c                                   : copy_zero_init.c.obj (.text:decompress:ZI:__TI_zero_init_nomemset:__TI_zero_init_nomemset)
                  0000314c    0000001c                                   : memory.c.obj (.text:free_list_remove)
                  00003168    0000001c                                   : memccpy.c.obj (.text:memccpy)
                  00003184    0000001a                                   : s_copysign.c.obj (.text:copysign)
                  0000319e    00000018                                   : strcmp.c.obj (.text:strcmp)
                  000031b6    00000016                                   : strchr.c.obj (.text:strchr)
                  000031cc    00000014                                   : strcpy.c.obj (.text:strcpy)
                  000031e0    00000014                                   : strlen.c.obj (.text:strlen)
                  000031f4    00000012                                   : wcslen.c.obj (.text:wcslen)
                  00003206    0000000e                                   : copy_decompress_none.c.obj (.text:decompress:none:__TI_decompress_none)
                  00003214    0000000e     startup_msp432p401r_ccs.obj (.text)
                  00003222    00000002     --HOLE-- [fill = 0]
                  00003224    00000008     rtsv7M4_T_le_v4SPD16_eabi.lib : errno.c.obj (.text:__aeabi_errno_addr)
                  0000322c    00000008                                   : memory.c.obj (.text:malloc)
                  00003234    00000004                                   : printf.c.obj (.text:_outc)
                  00003238    00000004                                   : printf.c.obj (.text:_outs)
                  0000323c    00000004                                   : pre_init.c.obj (.text:_system_pre_init)
                  00003240    00000004                                   : exit.c.obj (.text:abort:abort)

.const     0    00003244    00000101     
                  00003244    00000101     rtsv7M4_T_le_v4SPD16_eabi.lib : ctype.c.obj (.const:.string:_ctypes_)

.cinit     0    00003348    000000a0     
                  00003348    00000075     (.cinit..data.load) [load image, compression = lzss]
                  000033bd    00000003     --HOLE-- [fill = 0]
                  000033c0    0000000c     (__TI_handler_table)
                  000033cc    00000004     --HOLE-- [fill = 0]
                  000033d0    00000008     (.cinit..bss.load) [load image, compression = zero_init]
                  000033d8    00000010     (__TI_cinit_table)

.init_array 
*          0    00000000    00000000     UNINITIALIZED

.binit     0    00000000    00000000     

.sysmem    0    20000000    00000400     UNINITIALIZED
                  20000000    00000010     rtsv7M4_T_le_v4SPD16_eabi.lib : memory.c.obj (.sysmem)
                  20000010    000003f0     --HOLE--

.data      0    20000400    000001f8     UNINITIALIZED
                  20000400    000000f0     rtsv7M4_T_le_v4SPD16_eabi.lib : defs.c.obj (.data:_ftable)
                  200004f0    00000078                                   : host_device.c.obj (.data:_device)
                  20000568    00000050                                   : host_device.c.obj (.data:_stream)
                  200005b8    00000010                                   : defs.c.obj (.data)
                  200005c8    0000000c                                   : exit.c.obj (.data:$O1$$)
                  200005d4    00000009     main.obj (.data)
                  200005dd    00000003     --HOLE--
                  200005e0    00000008     rtsv7M4_T_le_v4SPD16_eabi.lib : _lock.c.obj (.data:$O1$$)
                  200005e8    00000008                                   : memory.c.obj (.data:$O1$$)
                  200005f0    00000004                                   : errno.c.obj (.data)
                  200005f4    00000004     system_msp432p401r.obj (.data)

.bss       0    200005f8    000001cb     UNINITIALIZED
                  200005f8    00000120     rtsv7M4_T_le_v4SPD16_eabi.lib : trgmsg.c.obj (.bss:_CIOBUF_)
                  20000718    000000a0     (.common:__TI_tmpnams)
                  200007b8    00000008     (.common:parmbuf)
                  200007c0    00000001     (.common:code)
                  200007c1    00000001     (.common:num)
                  200007c2    00000001     (.common:pressed)

.stack     0    2000fe00    00000200     UNINITIALIZED
                  2000fe00    00000004     rtsv7M4_T_le_v4SPD16_eabi.lib : boot_cortex_m.c.obj (.stack)
                  2000fe04    000001fc     --HOLE--

__llvm_prf_cnts 
*          0    20000000    00000000     UNINITIALIZED

MODULE SUMMARY

       Module                        code    ro data   rw data
       ------                        ----    -------   -------
    .\
       main.obj                      1068    0         24     
       system_msp432p401r.obj        820     0         8      
       startup_msp432p401r_ccs.obj   14      228       0      
    +--+-----------------------------+-------+---------+---------+
       Total:                        1902    228       32     
                                                              
    C:\Apps\ccs\tools\compiler\ti-cgt-arm_20.2.2.LTS\lib\rtsv7M4_T_le_v4SPD16_eabi.lib
       _printfi.c.obj                4851    0         0      
       defs.c.obj                    0       0         832    
       memory.c.obj                  672     0         16     
       trgmsg.c.obj                  108     0         576    
       fd_add_t2.asm.obj             438     0         0      
       host_device.c.obj             0       0         400    
       fd_div_t2.asm.obj             310     0         0      
       fputs.c.obj                   276     0         0      
       s_scalbn.c.obj                272     0         0      
       fd_cmp_t2.asm.obj             268     0         0      
       ctype.c.obj                   0       257       0      
       fd_mul_t2.asm.obj             252     0         0      
       setvbuf.c.obj                 220     0         0      
       memcpy_t2.asm.obj             156     0         0      
       ull_div_t2.asm.obj            150     0         0      
       fputc.c.obj                   140     0         0      
       memset_t2.asm.obj             122     0         0      
       fclose.c.obj                  116     0         0      
       getdevice.c.obj               116     0         0      
       hostopen.c.obj                96      0         16     
       printf.c.obj                  112     0         0      
       hostrename.c.obj              108     0         0      
       copy_decompress_lzss.c.obj    104     0         0      
       hostlseek.c.obj               104     0         0      
       exit.c.obj                    76      0         24     
       fseek.c.obj                   100     0         0      
       s_frexp.c.obj                 100     0         0      
       _io_perm.c.obj                98      0         0      
       close.c.obj                   92      0         0      
       hostread.c.obj                88      0         0      
       hostwrite.c.obj               88      0         0      
       _ltoa.c.obj                   84      0         0      
       atoi.c.obj                    76      0         0      
       fflush.c.obj                  76      0         0      
       fd_toi_t2.asm.obj             72      0         0      
       autoinit.c.obj                68      0         0      
       hostclose.c.obj               68      0         0      
       hostunlink.c.obj              68      0         0      
       strncpy.c.obj                 54      0         0      
       boot_cortex_m.c.obj           52      0         0      
       fopen.c.obj                   52      0         0      
       i_tofd_t2.asm.obj             46      0         0      
       unlink.c.obj                  44      0         0      
       lseek.c.obj                   40      0         0      
       write.c.obj                   40      0         0      
       memchr.c.obj                  32      0         0      
       copy_zero_init.c.obj          28      0         0      
       memccpy.c.obj                 28      0         0      
       s_copysign.c.obj              26      0         0      
       strcmp.c.obj                  24      0         0      
       strchr.c.obj                  22      0         0      
       strcpy.c.obj                  20      0         0      
       strlen.c.obj                  20      0         0      
       _lock.c.obj                   2       0         16     
       wcslen.c.obj                  18      0         0      
       errno.c.obj                   8       0         8      
       copy_decompress_none.c.obj    14      0         0      
       pre_init.c.obj                4       0         0      
       div0.asm.obj                  2       0         0      
    +--+-----------------------------+-------+---------+---------+
       Total:                        10721   257       1888   
                                                              
       Heap:                         0       0         2048   
       Stack:                        0       0         1024   
       Linker Generated:             0       153       0      
    +--+-----------------------------+-------+---------+---------+
       Grand Total:                  12623   638       4992   


LINKER GENERATED COPY TABLES

__TI_cinit_table @ 000033d8 records: 2, size/record: 8, table size: 16
	.data: load addr=00003348, load size=00000075 bytes, run addr=20000400, run size=000001f8 bytes, compression=lzss
	.bss: load addr=000033d0, load size=00000008 bytes, run addr=200005f8, run size=000001cb bytes, compression=zero_init


LINKER GENERATED HANDLER TABLE

__TI_handler_table @ 000033c0 records: 3, size/record: 4, table size: 12
	index: 0, handler: __TI_decompress_lzss
	index: 1, handler: __TI_decompress_none
	index: 2, handler: __TI_zero_init


GLOBAL SYMBOLS: SORTED ALPHABETICALLY BY Name 

address   name                           
-------   ----                           
00003221  ADC14_IRQHandler               
00003221  AES256_IRQHandler              
00003221  BusFault_Handler               
00003241  C$$EXIT                        
00002f2f  C$$IO$$                        
00003221  COMP_E0_IRQHandler             
00003221  COMP_E1_IRQHandler             
00003221  CS_IRQHandler                  
00003221  DMA_ERR_IRQHandler             
00003221  DMA_INT0_IRQHandler            
00003221  DMA_INT1_IRQHandler            
00003221  DMA_INT2_IRQHandler            
00003221  DMA_INT3_IRQHandler            
00003221  DebugMon_Handler               
00003221  Default_Handler                
00003221  EUSCIA0_IRQHandler             
00003221  EUSCIA1_IRQHandler             
00003221  EUSCIA2_IRQHandler             
00003221  EUSCIA3_IRQHandler             
00003221  EUSCIB0_IRQHandler             
00003221  EUSCIB1_IRQHandler             
00003221  EUSCIB2_IRQHandler             
00003221  EUSCIB3_IRQHandler             
00003221  FLCTL_IRQHandler               
00003221  FPU_IRQHandler                 
00002db1  HOSTclose                      
000027bd  HOSTlseek                      
00002a21  HOSTopen                       
00002add  HOSTread                       
00002751  HOSTrename                     
00002df5  HOSTunlink                     
00002b35  HOSTwrite                      
00003221  HardFault_Handler              
00003221  MemManage_Handler              
00003221  NMI_Handler                    
00003221  PCM_IRQHandler                 
00003221  PORT1_IRQHandler               
00003221  PORT2_IRQHandler               
00003221  PORT3_IRQHandler               
00003221  PORT4_IRQHandler               
00003221  PORT5_IRQHandler               
00003221  PORT6_IRQHandler               
00003221  PSS_IRQHandler                 
00003221  PendSV_Handler                 
00003221  RTC_C_IRQHandler               
00003215  Reset_Handler                  
00003221  SVC_Handler                    
00003221  SysTick_Handler                
00000c53  SysTick_Init                   
00000c6f  SysTick_delay                  
200005f4  SystemCoreClock                
00000f61  SystemCoreClockUpdate          
000011d9  SystemInit                     
00003221  T32_INT1_IRQHandler            
00003221  T32_INT2_IRQHandler            
00003221  T32_INTC_IRQHandler            
00003221  TA0_0_IRQHandler               
00003221  TA0_N_IRQHandler               
00003221  TA1_0_IRQHandler               
00003221  TA1_N_IRQHandler               
00003221  TA2_0_IRQHandler               
00003221  TA2_N_IRQHandler               
00003221  TA3_0_IRQHandler               
00003221  TA3_N_IRQHandler               
00003221  UsageFault_Handler             
4000480c  WDTCTL_SYM                     
00003221  WDT_A_IRQHandler               
200005f8  __CIOBUF_                      
20010000  __STACK_END                    
00000200  __STACK_SIZE                   
00000400  __SYSMEM_SIZE                  
000033d8  __TI_CINIT_Base                
000033e8  __TI_CINIT_Limit               
000033c0  __TI_Handler_Table_Base        
000033cc  __TI_Handler_Table_Limit       
00002e39  __TI_auto_init_nobinit_nopinit 
00002f71  __TI_cleanup                   
200005c8  __TI_cleanup_ptr               
000025fd  __TI_closefile                 
00002825  __TI_decompress_lzss           
00003207  __TI_decompress_none           
00002c89  __TI_doflush                   
200005cc  __TI_dtors_ptr                 
200005d0  __TI_enable_exit_profile_output
200005b8  __TI_ft_end                    
00002be3  __TI_ltoa                      
ffffffff  __TI_pprof_out_hndl            
000000e5  __TI_printfi                   
ffffffff  __TI_prof_data_size            
ffffffff  __TI_prof_data_start           
00002fa5  __TI_readmsg                   
00000000  __TI_static_base__             
20000718  __TI_tmpnams                   
00002f01  __TI_writemsg                  
000029bd  __TI_wrt_ok                    
00003131  __TI_zero_init_nomemset        
00002475  __aeabi_cdcmpeq                
00002475  __aeabi_cdcmple                
000024fb  __aeabi_cdrcmple               
00002d69  __aeabi_d2iz                   
000016df  __aeabi_dadd                   
000019c9  __aeabi_ddiv                   
00001f49  __aeabi_dmul                   
000016d5  __aeabi_dsub                   
00003225  __aeabi_errno_addr             
0000303d  __aeabi_i2d                    
0000188b  __aeabi_idiv0                  
0000188b  __aeabi_ldiv0                  
00002581  __aeabi_memclr                 
00002581  __aeabi_memclr4                
00002581  __aeabi_memclr8                
000022b7  __aeabi_memcpy                 
000022b7  __aeabi_memcpy4                
000022b7  __aeabi_memcpy8                
00002583  __aeabi_memset                 
00002583  __aeabi_memset4                
00002583  __aeabi_memset8                
200005c4  __aeabi_stderr                 
200005bc  __aeabi_stdin                  
200005c0  __aeabi_stdout                 
00002353  __aeabi_uldivmod               
ffffffff  __binit__                      
ffffffff  __c_args__                     
UNDEFED   __mpu_init                     
2000fe00  __stack                        
20000000  __start___llvm_prf_cnts        
20000000  __stop___llvm_prf_cnts         
00002fd9  _c_int00_noargs                
00003244  _ctypes_                       
200004f0  _device                        
20000400  _ftable                        
200005e0  _lock                          
00000b33  _nop                           
20000568  _stream                        
20000000  _sys_memory                    
UNDEFED   _system_post_cinit             
0000323d  _system_pre_init               
200005e4  _unlock                        
00003241  abort                          
00001e49  aligned_alloc                  
00002cd5  atoi                           
ffffffff  binit                          
00002a81  close                          
200007c0  code                           
00003185  copysign                       
00003185  copysignl                      
200005d4  dutyCycle                      
200005f0  errno                          
00002d21  exit                           
0000300d  finddevice                     
200005dc  flag                           
000023e9  fputc                          
00001c25  fputs                          
00002045  free                           
000028f5  frexp                          
000028f5  frexpl                         
00002959  fseek                          
00002e7d  getdevice                      
00000000  interruptVectors               
00000bc1  keypad_init                    
00000d15  keypad_read                    
00001d39  ldexp                          
00001d39  ldexpl                         
000030c1  lseek                          
00000b35  main                           
0000322d  malloc                         
00001e49  memalign                       
00003169  memccpy                        
00003111  memchr                         
000022b7  memcpy                         
00002589  memset                         
200007c1  num                            
200007b8  parmbuf                        
200005d8  period                         
200007c2  pressed                        
00000e5d  print_keys                     
0000288d  printf                         
000023e9  putc                           
0000306d  remove                         
00001d39  scalbn                         
00001d39  scalbnl                        
00002129  setvbuf                        
000031b7  strchr                         
0000319f  strcmp                         
000031cd  strcpy                         
000031e1  strlen                         
00002f39  strncpy                        
00000c15  timerA                         
00000bf5  timerA_Init                    
0000306d  unlink                         
00000c99  user_cycle                     
000031f5  wcslen                         
000030e9  write                          


GLOBAL SYMBOLS: SORTED BY Symbol Address 

address   name                           
-------   ----                           
00000000  __TI_static_base__             
00000000  interruptVectors               
000000e5  __TI_printfi                   
00000200  __STACK_SIZE                   
00000400  __SYSMEM_SIZE                  
00000b33  _nop                           
00000b35  main                           
00000bc1  keypad_init                    
00000bf5  timerA_Init                    
00000c15  timerA                         
00000c53  SysTick_Init                   
00000c6f  SysTick_delay                  
00000c99  user_cycle                     
00000d15  keypad_read                    
00000e5d  print_keys                     
00000f61  SystemCoreClockUpdate          
000011d9  SystemInit                     
000016d5  __aeabi_dsub                   
000016df  __aeabi_dadd                   
0000188b  __aeabi_idiv0                  
0000188b  __aeabi_ldiv0                  
000019c9  __aeabi_ddiv                   
00001c25  fputs                          
00001d39  ldexp                          
00001d39  ldexpl                         
00001d39  scalbn                         
00001d39  scalbnl                        
00001e49  aligned_alloc                  
00001e49  memalign                       
00001f49  __aeabi_dmul                   
00002045  free                           
00002129  setvbuf                        
000022b7  __aeabi_memcpy                 
000022b7  __aeabi_memcpy4                
000022b7  __aeabi_memcpy8                
000022b7  memcpy                         
00002353  __aeabi_uldivmod               
000023e9  fputc                          
000023e9  putc                           
00002475  __aeabi_cdcmpeq                
00002475  __aeabi_cdcmple                
000024fb  __aeabi_cdrcmple               
00002581  __aeabi_memclr                 
00002581  __aeabi_memclr4                
00002581  __aeabi_memclr8                
00002583  __aeabi_memset                 
00002583  __aeabi_memset4                
00002583  __aeabi_memset8                
00002589  memset                         
000025fd  __TI_closefile                 
00002751  HOSTrename                     
000027bd  HOSTlseek                      
00002825  __TI_decompress_lzss           
0000288d  printf                         
000028f5  frexp                          
000028f5  frexpl                         
00002959  fseek                          
000029bd  __TI_wrt_ok                    
00002a21  HOSTopen                       
00002a81  close                          
00002add  HOSTread                       
00002b35  HOSTwrite                      
00002be3  __TI_ltoa                      
00002c89  __TI_doflush                   
00002cd5  atoi                           
00002d21  exit                           
00002d69  __aeabi_d2iz                   
00002db1  HOSTclose                      
00002df5  HOSTunlink                     
00002e39  __TI_auto_init_nobinit_nopinit 
00002e7d  getdevice                      
00002f01  __TI_writemsg                  
00002f2f  C$$IO$$                        
00002f39  strncpy                        
00002f71  __TI_cleanup                   
00002fa5  __TI_readmsg                   
00002fd9  _c_int00_noargs                
0000300d  finddevice                     
0000303d  __aeabi_i2d                    
0000306d  remove                         
0000306d  unlink                         
000030c1  lseek                          
000030e9  write                          
00003111  memchr                         
00003131  __TI_zero_init_nomemset        
00003169  memccpy                        
00003185  copysign                       
00003185  copysignl                      
0000319f  strcmp                         
000031b7  strchr                         
000031cd  strcpy                         
000031e1  strlen                         
000031f5  wcslen                         
00003207  __TI_decompress_none           
00003215  Reset_Handler                  
00003221  ADC14_IRQHandler               
00003221  AES256_IRQHandler              
00003221  BusFault_Handler               
00003221  COMP_E0_IRQHandler             
00003221  COMP_E1_IRQHandler             
00003221  CS_IRQHandler                  
00003221  DMA_ERR_IRQHandler             
00003221  DMA_INT0_IRQHandler            
00003221  DMA_INT1_IRQHandler            
00003221  DMA_INT2_IRQHandler            
00003221  DMA_INT3_IRQHandler            
00003221  DebugMon_Handler               
00003221  Default_Handler                
00003221  EUSCIA0_IRQHandler             
00003221  EUSCIA1_IRQHandler             
00003221  EUSCIA2_IRQHandler             
00003221  EUSCIA3_IRQHandler             
00003221  EUSCIB0_IRQHandler             
00003221  EUSCIB1_IRQHandler             
00003221  EUSCIB2_IRQHandler             
00003221  EUSCIB3_IRQHandler             
00003221  FLCTL_IRQHandler               
00003221  FPU_IRQHandler                 
00003221  HardFault_Handler              
00003221  MemManage_Handler              
00003221  NMI_Handler                    
00003221  PCM_IRQHandler                 
00003221  PORT1_IRQHandler               
00003221  PORT2_IRQHandler               
00003221  PORT3_IRQHandler               
00003221  PORT4_IRQHandler               
00003221  PORT5_IRQHandler               
00003221  PORT6_IRQHandler               
00003221  PSS_IRQHandler                 
00003221  PendSV_Handler                 
00003221  RTC_C_IRQHandler               
00003221  SVC_Handler                    
00003221  SysTick_Handler                
00003221  T32_INT1_IRQHandler            
00003221  T32_INT2_IRQHandler            
00003221  T32_INTC_IRQHandler            
00003221  TA0_0_IRQHandler               
00003221  TA0_N_IRQHandler               
00003221  TA1_0_IRQHandler               
00003221  TA1_N_IRQHandler               
00003221  TA2_0_IRQHandler               
00003221  TA2_N_IRQHandler               
00003221  TA3_0_IRQHandler               
00003221  TA3_N_IRQHandler               
00003221  UsageFault_Handler             
00003221  WDT_A_IRQHandler               
00003225  __aeabi_errno_addr             
0000322d  malloc                         
0000323d  _system_pre_init               
00003241  C$$EXIT                        
00003241  abort                          
00003244  _ctypes_                       
000033c0  __TI_Handler_Table_Base        
000033cc  __TI_Handler_Table_Limit       
000033d8  __TI_CINIT_Base                
000033e8  __TI_CINIT_Limit               
20000000  __start___llvm_prf_cnts        
20000000  __stop___llvm_prf_cnts         
20000000  _sys_memory                    
20000400  _ftable                        
200004f0  _device                        
20000568  _stream                        
200005b8  __TI_ft_end                    
200005bc  __aeabi_stdin                  
200005c0  __aeabi_stdout                 
200005c4  __aeabi_stderr                 
200005c8  __TI_cleanup_ptr               
200005cc  __TI_dtors_ptr                 
200005d0  __TI_enable_exit_profile_output
200005d4  dutyCycle                      
200005d8  period                         
200005dc  flag                           
200005e0  _lock                          
200005e4  _unlock                        
200005f0  errno                          
200005f4  SystemCoreClock                
200005f8  __CIOBUF_                      
20000718  __TI_tmpnams                   
200007b8  parmbuf                        
200007c0  code                           
200007c1  num                            
200007c2  pressed                        
2000fe00  __stack                        
20010000  __STACK_END                    
4000480c  WDTCTL_SYM                     
ffffffff  __TI_pprof_out_hndl            
ffffffff  __TI_prof_data_size            
ffffffff  __TI_prof_data_start           
ffffffff  __binit__                      
ffffffff  __c_args__                     
ffffffff  binit                          
UNDEFED   __mpu_init                     
UNDEFED   _system_post_cinit             

[193 symbols]
