******************************************************************************
                  TI ARM Linker PC v20.2.2                     
******************************************************************************
>> Linked Tue Mar 16 20:04:29 2021

OUTPUT FILE NAME:   <EGR226_Lab7_Part2.out>
ENTRY POINT SYMBOL: "_c_int00_noargs"  address: 000007e5


MEMORY CONFIGURATION

         name            origin    length      used     unused   attr    fill
----------------------  --------  ---------  --------  --------  ----  --------
  MAIN                  00000000   00040000  00000878  0003f788  R  X
  INFO                  00200000   00004000  00000000  00004000  R  X
  SRAM_CODE             01000000   00010000  00000204  0000fdfc  RW X
  SRAM_DATA             20000000   00010000  00000204  0000fdfc  RW  


SEGMENT ALLOCATION MAP

run origin  load origin   length   init length attrs members
----------  ----------- ---------- ----------- ----- -------
00000000    00000000    00000878   00000878    r-x
  00000000    00000000    000000e4   000000e4    r-- .intvecs
  000000e4    000000e4    0000076c   0000076c    r-x .text
  00000850    00000850    00000010   00000010    r-- .const
  00000860    00000860    00000018   00000018    r-- .cinit
20000000    20000000    00000004   00000000    rw-
  20000000    20000000    00000004   00000000    rw- .data
2000fe00    2000fe00    00000200   00000000    rw-
  2000fe00    2000fe00    00000200   00000000    rw- .stack


SECTION ALLOCATION MAP

 output                                  attributes/
section   page    origin      length       input sections
--------  ----  ----------  ----------   ----------------
.intvecs   0    00000000    000000e4     
                  00000000    000000e4     startup_msp432p401r_ccs.obj (.intvecs:retain)

.text      0    000000e4    0000076c     
                  000000e4    00000334     system_msp432p401r.obj (.text)
                  00000418    00000284     mainP2.obj (.text)
                  0000069c    0000009c     rtsv7M4_T_le_v4SPD16_eabi.lib : memcpy_t2.asm.obj (.text)
                  00000738    00000068                                   : copy_decompress_lzss.c.obj (.text:decompress:lzss:__TI_decompress_lzss)
                  000007a0    00000044                                   : autoinit.c.obj (.text:__TI_auto_init_nobinit_nopinit:__TI_auto_init_nobinit_nopinit)
                  000007e4    00000034                                   : boot_cortex_m.c.obj (.text:_c_int00_noargs:_c_int00_noargs)
                  00000818    00000014                                   : strlen.c.obj (.text:strlen)
                  0000082c    0000000e                                   : copy_decompress_none.c.obj (.text:decompress:none:__TI_decompress_none)
                  0000083a    0000000e     startup_msp432p401r_ccs.obj (.text)
                  00000848    00000004     rtsv7M4_T_le_v4SPD16_eabi.lib : pre_init.c.obj (.text:_system_pre_init)
                  0000084c    00000004                                   : exit.c.obj (.text:abort:abort)

.const     0    00000850    00000010     
                  00000850    00000005     mainP2.obj (.const:.string:$P$T0$1)
                  00000855    00000005     mainP2.obj (.const:.string:$P$T1$2)
                  0000085a    00000003     mainP2.obj (.const:.string:$P$T2$3)
                  0000085d    00000003     mainP2.obj (.const:.string:$P$T3$4)

.cinit     0    00000860    00000018     
                  00000860    00000008     (.cinit..data.load) [load image, compression = lzss]
                  00000868    00000008     (__TI_handler_table)
                  00000870    00000008     (__TI_cinit_table)

.init_array 
*          0    00000000    00000000     UNINITIALIZED

.binit     0    00000000    00000000     

.data      0    20000000    00000004     UNINITIALIZED
                  20000000    00000004     system_msp432p401r.obj (.data)

.stack     0    2000fe00    00000200     UNINITIALIZED
                  2000fe00    00000004     rtsv7M4_T_le_v4SPD16_eabi.lib : boot_cortex_m.c.obj (.stack)
                  2000fe04    000001fc     --HOLE--

__llvm_prf_cnts 
*          0    20000000    00000000     UNINITIALIZED

MODULE SUMMARY

       Module                        code   ro data   rw data
       ------                        ----   -------   -------
    .\
       system_msp432p401r.obj        820    0         8      
       mainP2.obj                    644    16        0      
       startup_msp432p401r_ccs.obj   14     228       0      
    +--+-----------------------------+------+---------+---------+
       Total:                        1478   244       8      
                                                             
    C:\Apps\ccs\tools\compiler\ti-cgt-arm_20.2.2.LTS\lib\rtsv7M4_T_le_v4SPD16_eabi.lib
       memcpy_t2.asm.obj             156    0         0      
       copy_decompress_lzss.c.obj    104    0         0      
       autoinit.c.obj                68     0         0      
       boot_cortex_m.c.obj           52     0         0      
       strlen.c.obj                  20     0         0      
       copy_decompress_none.c.obj    14     0         0      
       exit.c.obj                    4      0         0      
       pre_init.c.obj                4      0         0      
    +--+-----------------------------+------+---------+---------+
       Total:                        422    0         0      
                                                             
       Stack:                        0      0         1024   
       Linker Generated:             0      24        0      
    +--+-----------------------------+------+---------+---------+
       Grand Total:                  1900   268       1032   


LINKER GENERATED COPY TABLES

__TI_cinit_table @ 00000870 records: 1, size/record: 8, table size: 8
	.data: load addr=00000860, load size=00000008 bytes, run addr=20000000, run size=00000004 bytes, compression=lzss


LINKER GENERATED HANDLER TABLE

__TI_handler_table @ 00000868 records: 2, size/record: 4, table size: 8
	index: 0, handler: __TI_decompress_lzss
	index: 1, handler: __TI_decompress_none


GLOBAL SYMBOLS: SORTED ALPHABETICALLY BY Name 

address   name                          
-------   ----                          
00000847  ADC14_IRQHandler              
00000847  AES256_IRQHandler             
00000847  BusFault_Handler              
0000084d  C$$EXIT                       
00000847  COMP_E0_IRQHandler            
00000847  COMP_E1_IRQHandler            
00000847  CS_IRQHandler                 
00000847  DMA_ERR_IRQHandler            
00000847  DMA_INT0_IRQHandler           
00000847  DMA_INT1_IRQHandler           
00000847  DMA_INT2_IRQHandler           
00000847  DMA_INT3_IRQHandler           
00000847  DebugMon_Handler              
00000847  Default_Handler               
00000847  EUSCIA0_IRQHandler            
00000847  EUSCIA1_IRQHandler            
00000847  EUSCIA2_IRQHandler            
00000847  EUSCIA3_IRQHandler            
00000847  EUSCIB0_IRQHandler            
00000847  EUSCIB1_IRQHandler            
00000847  EUSCIB2_IRQHandler            
00000847  EUSCIB3_IRQHandler            
00000847  FLCTL_IRQHandler              
00000847  FPU_IRQHandler                
00000847  HardFault_Handler             
00000523  LCD_init                      
00000847  MemManage_Handler             
00000847  NMI_Handler                   
00000847  PCM_IRQHandler                
00000847  PORT1_IRQHandler              
00000847  PORT2_IRQHandler              
00000847  PORT3_IRQHandler              
00000847  PORT4_IRQHandler              
00000847  PORT5_IRQHandler              
00000847  PORT6_IRQHandler              
00000847  PSS_IRQHandler                
00000847  PendSV_Handler                
00000847  RTC_C_IRQHandler              
0000083b  Reset_Handler                 
00000847  SVC_Handler                   
00000847  SysTick_Handler               
00000507  SysTick_Init                  
00000597  SysTick_delay                 
20000000  SystemCoreClock               
000000e5  SystemCoreClockUpdate         
0000035d  SystemInit                    
00000847  T32_INT1_IRQHandler           
00000847  T32_INT2_IRQHandler           
00000847  T32_INTC_IRQHandler           
00000847  TA0_0_IRQHandler              
00000847  TA0_N_IRQHandler              
00000847  TA1_0_IRQHandler              
00000847  TA1_N_IRQHandler              
00000847  TA2_0_IRQHandler              
00000847  TA2_N_IRQHandler              
00000847  TA3_0_IRQHandler              
00000847  TA3_N_IRQHandler              
00000847  UsageFault_Handler            
4000480c  WDTCTL_SYM                    
00000847  WDT_A_IRQHandler              
20010000  __STACK_END                   
00000200  __STACK_SIZE                  
00000870  __TI_CINIT_Base               
00000878  __TI_CINIT_Limit              
00000868  __TI_Handler_Table_Base       
00000870  __TI_Handler_Table_Limit      
000007a1  __TI_auto_init_nobinit_nopinit
00000739  __TI_decompress_lzss          
0000082d  __TI_decompress_none          
ffffffff  __TI_pprof_out_hndl           
ffffffff  __TI_prof_data_size           
ffffffff  __TI_prof_data_start          
00000000  __TI_static_base__            
0000069d  __aeabi_memcpy                
0000069d  __aeabi_memcpy4               
0000069d  __aeabi_memcpy8               
ffffffff  __binit__                     
ffffffff  __c_args__                    
UNDEFED   __mpu_init                    
2000fe00  __stack                       
20000000  __start___llvm_prf_cnts       
20000000  __stop___llvm_prf_cnts        
000007e5  _c_int00_noargs               
UNDEFED   _system_post_cinit            
00000849  _system_pre_init              
0000084d  abort                         
ffffffff  binit                         
000005c1  commandWrite                  
0000064f  dataWrite                     
00000000  interruptVectors              
00000419  main                          
0000069d  memcpy                        
000005fb  pushNibble                    
00000819  strlen                        


GLOBAL SYMBOLS: SORTED BY Symbol Address 

address   name                          
-------   ----                          
00000000  __TI_static_base__            
00000000  interruptVectors              
000000e5  SystemCoreClockUpdate         
00000200  __STACK_SIZE                  
0000035d  SystemInit                    
00000419  main                          
00000507  SysTick_Init                  
00000523  LCD_init                      
00000597  SysTick_delay                 
000005c1  commandWrite                  
000005fb  pushNibble                    
0000064f  dataWrite                     
0000069d  __aeabi_memcpy                
0000069d  __aeabi_memcpy4               
0000069d  __aeabi_memcpy8               
0000069d  memcpy                        
00000739  __TI_decompress_lzss          
000007a1  __TI_auto_init_nobinit_nopinit
000007e5  _c_int00_noargs               
00000819  strlen                        
0000082d  __TI_decompress_none          
0000083b  Reset_Handler                 
00000847  ADC14_IRQHandler              
00000847  AES256_IRQHandler             
00000847  BusFault_Handler              
00000847  COMP_E0_IRQHandler            
00000847  COMP_E1_IRQHandler            
00000847  CS_IRQHandler                 
00000847  DMA_ERR_IRQHandler            
00000847  DMA_INT0_IRQHandler           
00000847  DMA_INT1_IRQHandler           
00000847  DMA_INT2_IRQHandler           
00000847  DMA_INT3_IRQHandler           
00000847  DebugMon_Handler              
00000847  Default_Handler               
00000847  EUSCIA0_IRQHandler            
00000847  EUSCIA1_IRQHandler            
00000847  EUSCIA2_IRQHandler            
00000847  EUSCIA3_IRQHandler            
00000847  EUSCIB0_IRQHandler            
00000847  EUSCIB1_IRQHandler            
00000847  EUSCIB2_IRQHandler            
00000847  EUSCIB3_IRQHandler            
00000847  FLCTL_IRQHandler              
00000847  FPU_IRQHandler                
00000847  HardFault_Handler             
00000847  MemManage_Handler             
00000847  NMI_Handler                   
00000847  PCM_IRQHandler                
00000847  PORT1_IRQHandler              
00000847  PORT2_IRQHandler              
00000847  PORT3_IRQHandler              
00000847  PORT4_IRQHandler              
00000847  PORT5_IRQHandler              
00000847  PORT6_IRQHandler              
00000847  PSS_IRQHandler                
00000847  PendSV_Handler                
00000847  RTC_C_IRQHandler              
00000847  SVC_Handler                   
00000847  SysTick_Handler               
00000847  T32_INT1_IRQHandler           
00000847  T32_INT2_IRQHandler           
00000847  T32_INTC_IRQHandler           
00000847  TA0_0_IRQHandler              
00000847  TA0_N_IRQHandler              
00000847  TA1_0_IRQHandler              
00000847  TA1_N_IRQHandler              
00000847  TA2_0_IRQHandler              
00000847  TA2_N_IRQHandler              
00000847  TA3_0_IRQHandler              
00000847  TA3_N_IRQHandler              
00000847  UsageFault_Handler            
00000847  WDT_A_IRQHandler              
00000849  _system_pre_init              
0000084d  C$$EXIT                       
0000084d  abort                         
00000868  __TI_Handler_Table_Base       
00000870  __TI_CINIT_Base               
00000870  __TI_Handler_Table_Limit      
00000878  __TI_CINIT_Limit              
20000000  SystemCoreClock               
20000000  __start___llvm_prf_cnts       
20000000  __stop___llvm_prf_cnts        
2000fe00  __stack                       
20010000  __STACK_END                   
4000480c  WDTCTL_SYM                    
ffffffff  __TI_pprof_out_hndl           
ffffffff  __TI_prof_data_size           
ffffffff  __TI_prof_data_start          
ffffffff  __binit__                     
ffffffff  __c_args__                    
ffffffff  binit                         
UNDEFED   __mpu_init                    
UNDEFED   _system_post_cinit            

[94 symbols]
